[backblue.gif]
[fade.gif]
[index.html]
[www.ethisch-hacker.nl/uploads/images/favicon.ico]
[www.google-analytics.com/analytics.js]
[ajax.googleapis.com/ajax/libs/jquery/1.11.3/jquery.min.js]
[www.ethisch-hacker.nl/uploads/js/parallax.min.js]
[www.ethisch-hacker.nl/uploads/pdf/Kandidaten.pdf]
[www.ethisch-hacker.nl/uploads/images/ethischhacker_design/brochureKandidaten.jpg]
[www.ethisch-hacker.nl/uploads/images/ethischhacker_design/arrows_down.png]
[www.ethisch-hacker.nl/index.html]
[www.ethisch-hacker.nl/uploads/images/ethischhacker_design/brochureWerkgevers.png]
[www.ethisch-hacker.nl/uploads/images/ethischhacker_design/header_icons.png]
[www.ethisch-hacker.nl/uploads/images/ethischhacker_design/logo_philips.png]
[www.ethisch-hacker.nl/uploads/images/ethischhacker_design/logo_werkmans.png]
[www.ethisch-hacker.nl/uploads/images/ethischhacker_design/logo_sliminict.png]
[www.ethisch-hacker.nl/uploads/images/ethischhacker_design/orange_background.png]
[www.ethisch-hacker.nl/uploads/images/ethischhacker_design/content_laptop.png]
[www.ethisch-hacker.nl/uploads/images/ethischhacker_design/check.png]
[www.ethisch-hacker.nl/tmp/cache/stylesheet_combined_84418df87121f06fbdacbd6664d82ae4.css]
